../Core/Src/functions.c:22:6:HAL_FDCAN_RxFifo0Callback	16	static
../Core/Src/functions.c:46:6:CanSend	16	static
../Core/Src/functions.c:54:6:CAN_switch_state	40	static
../Core/Src/functions.c:74:6:switch_on_off	16	static
../Core/Src/functions.c:78:6:switch_output	24	static
../Core/Src/functions.c:86:6:Over_current	16	static
../Core/Src/functions.c:92:6:Warning_current	16	static
../Core/Src/functions.c:98:6:Under_current	16	static
../Core/Src/functions.c:104:6:decode	8	static
../Core/Src/functions.c:123:6:Current_Sense_process	16	static
../Core/Src/functions.c:136:6:check_warnings	16	static
../Core/Src/functions.c:156:6:ConfigureCurrentSense	16	static
../Core/Src/functions.c:161:6:ReadADCValues	24	static
../Core/Src/functions.c:174:6:Current_Sense_read	16	static
../Core/Src/functions.c:198:9:check_bit	24	static
../Core/Src/functions.c:207:9:set_bit	24	static
../Core/Src/functions.c:217:10:Current_Sense_Raw_to_mA	24	static
