../Core/Src/functions.c:20:6:HAL_FDCAN_RxFifo0Callback	16	static
../Core/Src/functions.c:41:6:CanSend	16	static
../Core/Src/functions.c:47:6:CAN_switch_state	32	static
../Core/Src/functions.c:67:6:output	16	static
../Core/Src/functions.c:104:6:Over_current	16	static
../Core/Src/functions.c:110:6:Warning_current	16	static
../Core/Src/functions.c:116:6:Under_current	16	static
../Core/Src/functions.c:122:6:decode	8	static
../Core/Src/functions.c:169:6:CS_process	16	static
../Core/Src/functions.c:200:6:check_warnings	16	static
../Core/Src/functions.c:216:6:CS_read	32	static
../Core/Src/functions.c:323:9:check_bit	24	static
../Core/Src/functions.c:332:9:set_bit	24	static
../Core/Src/functions.c:342:10:CS_Raw_to_mA	24	static
