../Core/Src/functions.c:21:6:HAL_FDCAN_RxFifo0Callback	16	static
../Core/Src/functions.c:44:6:CanSend	16	static
../Core/Src/functions.c:51:6:CAN_switch_state	40	static
../Core/Src/functions.c:73:6:output	16	static
../Core/Src/functions.c:110:6:Over_current	16	static
../Core/Src/functions.c:116:6:Warning_current	16	static
../Core/Src/functions.c:122:6:Under_current	16	static
../Core/Src/functions.c:128:6:decode	8	static
../Core/Src/functions.c:178:6:CS_process	16	static
../Core/Src/functions.c:214:6:check_warnings	16	static
../Core/Src/functions.c:243:6:CS_read	40	static
../Core/Src/functions.c:356:9:check_bit	24	static
../Core/Src/functions.c:365:9:set_bit	24	static
../Core/Src/functions.c:375:10:CS_Raw_to_mA	24	static
../Core/Src/functions.c:386:6:analog_read	40	static
../Core/Src/functions.c:411:6:chip_select_read	40	static
