../Core/Src/functions.c:21:6:HAL_FDCAN_RxFifo0Callback	16	static
../Core/Src/functions.c:42:6:CanSend	16	static
../Core/Src/functions.c:49:6:CAN_switch_state	32	static
../Core/Src/functions.c:69:6:output	16	static
../Core/Src/functions.c:106:6:Over_current	16	static
../Core/Src/functions.c:112:6:Warning_current	16	static
../Core/Src/functions.c:118:6:Under_current	16	static
../Core/Src/functions.c:124:6:decode	8	static
../Core/Src/functions.c:174:6:CS_process	16	static
../Core/Src/functions.c:210:6:check_warnings	16	static
../Core/Src/functions.c:238:6:CS_read	40	static
../Core/Src/functions.c:351:9:check_bit	24	static
../Core/Src/functions.c:360:9:set_bit	24	static
../Core/Src/functions.c:370:10:CS_Raw_to_mA	24	static
../Core/Src/functions.c:380:6:analog_read	40	static
../Core/Src/functions.c:405:6:chip_select_read	40	static
