../Core/Src/functions.c:21:6:HAL_FDCAN_RxFifo0Callback	16	static
../Core/Src/functions.c:42:6:CanSend	16	static
../Core/Src/functions.c:48:6:CAN_switch_state	32	static
../Core/Src/functions.c:68:6:output	16	static
../Core/Src/functions.c:105:6:Over_current	16	static
../Core/Src/functions.c:111:6:Warning_current	16	static
../Core/Src/functions.c:117:6:Under_current	16	static
../Core/Src/functions.c:123:6:decode	8	static
../Core/Src/functions.c:170:6:CS_process	16	static
../Core/Src/functions.c:206:6:check_warnings	16	static
../Core/Src/functions.c:222:6:CS_read	40	static
../Core/Src/functions.c:331:9:check_bit	24	static
../Core/Src/functions.c:340:9:set_bit	24	static
../Core/Src/functions.c:350:10:CS_Raw_to_mA	24	static
../Core/Src/functions.c:360:6:analog_read	40	static
../Core/Src/functions.c:385:6:chip_select_read	40	static
