../Core/Src/functions.c:21:6:HAL_FDCAN_RxFifo0Callback	16	static
../Core/Src/functions.c:44:6:CanSend	16	static
../Core/Src/functions.c:51:6:CAN_switch_state	40	static
../Core/Src/functions.c:73:6:output	16	static
../Core/Src/functions.c:110:6:Over_current	16	static
../Core/Src/functions.c:116:6:Warning_current	16	static
../Core/Src/functions.c:122:6:Under_current	16	static
../Core/Src/functions.c:128:6:decode	8	static
../Core/Src/functions.c:185:6:Current_Sense_process	16	static
../Core/Src/functions.c:221:6:check_warnings	16	static
../Core/Src/functions.c:250:6:Current_Sense_read	40	static
../Core/Src/functions.c:363:9:check_bit	24	static
../Core/Src/functions.c:372:9:set_bit	24	static
../Core/Src/functions.c:382:10:Current_Sense_Raw_to_mA	24	static
../Core/Src/functions.c:393:6:analog_read	40	static
../Core/Src/functions.c:418:6:chip_select_read	40	static
