../Core/Src/main.c:127:5:main	8	static
../Core/Src/main.c:202:6:SystemClock_Config	88	static
../Core/Src/main.c:248:13:MX_ADC1_Init	56	static
../Core/Src/main.c:336:13:MX_ADC2_Init	40	static
../Core/Src/main.c:395:13:MX_FDCAN1_Init	8	static
../Core/Src/main.c:446:13:MX_TIM1_Init	120	static
../Core/Src/main.c:528:13:MX_TIM2_Init	64	static
../Core/Src/main.c:587:13:MX_TIM3_Init	40	static
../Core/Src/main.c:632:13:MX_TIM4_Init	64	static
../Core/Src/main.c:690:13:MX_TIM6_Init	24	static
../Core/Src/main.c:728:13:MX_TIM7_Init	24	static
../Core/Src/main.c:766:13:MX_TIM16_Init	8	static
../Core/Src/main.c:798:13:MX_GPIO_Init	40	static
../Core/Src/main.c:849:6:Error_Handler	4	static,ignoring_inline_asm
